> Task :app:packageDebugResources
